// Jest Snapshot v1, https://goo.gl/fbAQLP

exports[`navbar component renders sidebar properly 1`] = `
<nav
  class="nav-sidebar"
>
  <div
    class="nav-sidebar__header"
  >
    <nuxt-link-stub
      class="nav-sidebar__header-anchor gl-p-5"
      to="/"
    >
      <img
        alt="GitLab tanuki mark"
        role="img"
        src="/gitlab-tanuki.svg"
      />
       
      <span
        class="m-l-4"
      >
        GitLab Design System
      </span>
    </nuxt-link-stub>
  </div>
   
  <client-only-stub>
    <search-stub />
  </client-only-stub>
   
  <div
    class="nav-sidebar__body m-b-3"
  >
    <ul
      class="nav-sidebar__section"
    >
      <li>
        <span
          class="nav-sidebar__section-title"
        >
          Top-level item 1
        </span>
      </li>
       
      <li>
        <nuxt-link-stub
          class="nav-sidebar__section-items-anchor tree-indent-1"
          role="menuitem"
          to="/top1/second1"
        >
          Second-level item 1
        </nuxt-link-stub>
      </li>
      <li
        class="nav-sidebar__section"
      >
        <a
          aria-haspopup="true"
          class="nav-sidebar__section-toggle gl-display-block tree-indent-1"
          href="#"
          role="menuitem"
        >
          Second-level item 2
        </a>
         
        <ul
          aria-label="Second-level item 2"
          class="nav-sidebar__section-submenu tree-indent-1"
          role="menu"
          style="display: none;"
        >
          <li>
            <nuxt-link-stub
              class="nav-sidebar__section-items-anchor tree-indent-2"
              role="menuitem"
              to="/top1/second2/third1"
            >
              Third-level item 1
            </nuxt-link-stub>
          </li>
          <li>
            <nuxt-link-stub
              class="nav-sidebar__section-items-anchor tree-indent-2"
              role="menuitem"
              to="/top1/second2/third2"
            >
              Third-level item 2
            </nuxt-link-stub>
          </li>
        </ul>
      </li>
    </ul>
    <ul
      class="nav-sidebar__section"
    >
      <li>
        <span
          class="nav-sidebar__section-title"
        >
          Top-level item 2
        </span>
      </li>
       
      <li
        class="nav-sidebar__section"
      >
        <a
          aria-haspopup="true"
          class="nav-sidebar__section-toggle gl-display-block tree-indent-1"
          href="#"
          role="menuitem"
        >
          Second-level item without path
        </a>
         
        <ul
          aria-label="Second-level item without path"
          class="nav-sidebar__section-submenu tree-indent-1"
          role="menu"
          style="display: none;"
        >
          <li>
            <nuxt-link-stub
              class="nav-sidebar__section-items-anchor tree-indent-2"
              role="menuitem"
              to="/top2/third2"
            >
              Third-level item 3
            </nuxt-link-stub>
          </li>
        </ul>
      </li>
    </ul>
  </div>
</nav>
`;
